<?xml version="1.0" encoding="utf-8"?><testsuites><testsuite name="pytest" errors="0" failures="0" skipped="0" tests="4" time="24.612" timestamp="2024-08-05T18:34:09.798630-03:00" hostname="Keelf"><testcase classname="tests.model.test_model.TestModel" name="test_model_fit" time="11.467" /><testcase classname="tests.model.test_model.TestModel" name="test_model_predict" time="0.146" /><testcase classname="tests.model.test_model.TestModel" name="test_model_preprocess_for_serving" time="0.134" /><testcase classname="tests.model.test_model.TestModel" name="test_model_preprocess_for_training" time="11.134" /></testsuite></testsuites>